Script started on Wed 14 Feb 2018 12:48:08 PM CST
]777;notify;Command completed;./sys161 -w kernel]0;zdebardlebon@localhost:~/cs161/root]7;file://localhost.localdomain/home/zdebardlebon/cs161/root[?1034h[zdebardlebon@localhost root]$ ./sys161 -w kernel[3Pkernel-w kernel[K./sys161 -w kernel[K./cs161-gdb kernel
[?1034hGNU gdb 6.6
Copyright (C) 2006 Free Software Foundation, Inc.
GDB is free software, covered by the GNU General Public License, and you are
welcome to change it and/or distribute copies of it under certain conditions.
Type "show copying" to see the conditions.
There is absolutely no warranty for GDB.  Type "show warranty" for details.
This GDB was configured as "--host=x86_64-unknown-linux-gnu --target=mips-elf"...
(gdb) target remote unix:.sockets/d[Kgdb
Remote debugging using unix:.sockets/gdb
__start () at ../../arch/mips/mips/start.S:24
24	../../arch/mips/mips/start.S: No such file or directory.
	in ../../arch/mips/mips/start.S
Current language:  auto; currently asm
(gdb) break menu
Breakpoint 1 at 0x8001baac: file ../../main/menu.c, line 647.
(gdb) c
Continuing.

Breakpoint 1, menu (args=0x8002a334 "") at ../../main/menu.c:647
647		menu_execute(args, 1);
Current language:  auto; currently c
(gdb) where
#0  menu (args=0x8002a334 "") at ../../main/menu.c:647
#1  0xffffffff8001a9dc in kmain (arguments=0x8002a334 "")
    at ../../main/main.c:164
#2  0xffffffff8000d278 in __start () at ../../arch/mips/mips/start.S:163
(gdb) detach
Ending remote debugging.
(gdb) quit
]777;notify;Command completed;./cs161-gdb kernel]0;zdebardlebon@localhost:~/cs161/root]7;file://localhost.localdomain/home/zdebardlebon/cs161/root[zdebardlebon@localhost root]$ exit

Script done on Wed 14 Feb 2018 12:51:09 PM CST
